[ec2-user@ip-10-1-11-146 ~]$ mysql -u admin -h primary-database.cqctangscq1i.us-east-1.rds.amazonaws.com -p
Enter password:
Welcome to the MySQL monitor.  Commands end with ; or \g.
Your MySQL connection id is 152
Server version: 8.0.28 Source distribution

Copyright (c) 2000, 2022, Oracle and/or its affiliates.

Oracle is a registered trademark of Oracle Corporation and/or its
affiliates. Other names may be trademarks of their respective
owners.

Type 'help;' or '\h' for help. Type '\c' to clear the current input statement.

mysql> show db
    -> ^C
mysql> show database
    -> ^C
mysql> show databases
    -> ;
+--------------------+
| Database           |
+--------------------+
| information_schema |
| mysql              |
| performance_schema |
| sys                |
+--------------------+
4 rows in set (0.00 sec)

mysql> CREATE DATABASE udacity;
Query OK, 1 row affected (0.00 sec)

mysql> show databases;
+--------------------+
| Database           |
+--------------------+
| information_schema |
| mysql              |
| performance_schema |
| sys                |
| udacity            |
+--------------------+
5 rows in set (0.00 sec)

mysql> create table employee(fullname varchar(250) not null, age integer);
ERROR 1046 (3D000): No database selected
mysql> use udacity
Database changed
mysql> create table employee(fullname varchar(250) not null, age integer);
Query OK, 0 rows affected (0.04 sec)

mysql> insert into employee (fullname, age) values ('Lucas', 20);
Query OK, 1 row affected (0.01 sec)

mysql> insert into employee (fullname, age) values ('Tony', 30);
Query OK, 1 row affected (0.02 sec)

mysql> select * from employee;
+----------+------+
| fullname | age  |
+----------+------+
| Lucas    |   20 |
| Tony     |   30 |
+----------+------+
2 rows in set (0.00 sec)